# 简介
分区创建完毕后，我们仍然可以调整它们的容量，但各大文件系统的空间伸缩能力有差异，部分文件系统一旦创建完毕，就无法再调整容量了；还有一些文件系统则不支持在线伸缩，必须中断业务解除挂载后才能操作。

# 操作步骤
分区划定了逻辑磁盘可使用的存储单元范围，文件系统则以分区为基础，规定了数据的组织方式，我们对分区进行收缩或扩容时，需要按顺序调整两者的参数，使其适应新的配置。

## 扩容
分区头部存放着文件系统的元数据，因此伸缩操作只能在分区尾部进行，如果当前的分区尾部没有可用空间，则不能执行扩容操作。

执行扩容操作时，应先扩充分区的大小，再调整上层文件系统容量，操作的步骤为：

1. 解除挂载。
2. 调整分区参数，保证分区起始位置不变，向后移动结束位置。
3. 更新上层文件系统信息。
4. 重新挂载。

对于支持在线扩容的文件系统，不需要执行步骤1与步骤4。

## 收缩
收缩操作与扩容的顺序相反，需要先缩减上层文件系统容量，再调整分区的大小，释放物理存储单元。

1. 解除挂载。
2. 缩减上层文件系统的容量。
3. 调整分区参数，保证分区起始位置不变，向前移动结束位置。
4. 重新挂载。

对于支持在线收缩的文件系统，不需要执行步骤1与步骤4。

> ⚠️ 警告
>
> 分区收缩后，其容量必须大于分区内所有文件占用的总空间，否则将导致文件损坏。

# EXT4(TODO!!!!!!!!!!!!!!!!!!!!!!!!!!!!!!!!!!!!!!!!!!!!!!!!!!!!)
<!--
## 扩容
EXT系列文件系统

示例一：GPT磁盘"sdb"总容量为100GB，已存在50GB的EXT4分区"sdb1"，现在需要将磁盘尾部的剩余空间全部合并至"sdb1"。
```
# 查看文件系统容量
[root@Fedora ~]# df -h /dev/sdb1
Filesystem      Size  Used Avail Use% Mounted on
/dev/sdb1       50G   374M   50G   1% /mnt
# 查看分区中的文件
[root@Fedora ~]# cat /mnt/test
123456
# 卸载分区
[root@Fedora ~]# umount /dev/sdb1

# 使用"gdisk"修改分区信息
[root@Fedora ~]# gdisk /dev/sdb
GPT fdisk (gdisk) version 1.0.3
Found valid GPT with protective MBR; using GPT.
# 删除旧分区
Command (? for help): d
Using 1
# 建立新分区，起始位置不变，结束位置为磁盘可用空间尾部。
Command (? for help): n
Partition number (1-128, default 1):
First sector (34-209715166, default = 2048) or {+-}size{KMGTP}:
Last sector (2048-209715166, default = 209715166) or {+-}size{KMGTP}:
Current type is 'Linux filesystem'
# 保存变更
Command (? for help): w
The operation has completed successfully.

# 更新文件系统信息
[root@Fedora ~]# fsck.ext4 -f /dev/sdb1
e2fsck 1.45.6 (20-Mar-2020)
Pass 1: Checking inodes, blocks, and sizes
Pass 2: Checking directory structure
Pass 3: Checking directory connectivity
Pass 4: Checking reference counts
Pass 5: Checking group summary information
/dev/sdb1: 12/3276800 files (0.0% non-contiguous), 251752/13106944 blocks
[root@Fedora ~]# resize2fs /dev/sdb1
resize2fs 1.45.6 (20-Mar-2020)
Resizing the filesystem on /dev/sdb1 to 26214139 (4k) blocks.
The filesystem on /dev/sdb1 is now 26214139 (4k) blocks long.

# 重新挂载分区
[root@Fedora ~]# mount /dev/sdb1 /mnt
# 检查文件系统容量
[root@Fedora ~]# df -h /dev/sdb1
Filesystem      Size  Used Avail Use% Mounted on
/dev/sdb1       100G  747M  100G   1% /mnt
# 检查数据是否受损
[root@Fedora ~]# cat /mnt/test
123456
```

## 收缩
示例一：将100G的EXT4分区"sdb1"缩减至25G。

```
# 查看文件系统容量
[root@Fedora ~]# df -h /dev/sdb1
Filesystem      Size  Used Avail Use% Mounted on
/dev/sdb1       100G  747M  100G   1% /mnt
# 卸载分区
[root@Fedora ~]# umount /dev/sdb1

# 收缩文件系统至25G
[root@Fedora ~]# resize2fs /dev/sdb1 25G
resize2fs 1.45.6 (20-Mar-2020)
Resizing the filesystem on /dev/sdb1 to 6553600 (4k) blocks.
The filesystem on /dev/sdb1 is now 6553600 (4k) blocks long.

# 收缩磁盘分区至25G
[root@Fedora ~]# gdisk /dev/sdb
GPT fdisk (gdisk) version 1.0.3
Found valid GPT with protective MBR; using GPT.
# 删除旧分区
Command (? for help): d
Using 1
# 建立新分区，起始位置不变，结束位置为磁盘可用空间尾部。
Command (? for help): n
Partition number (1-128, default 1): 
First sector (34-209715166, default = 2048) or {+-}size{KMGTP}: 
Last sector (2048-209715166, default = 209715166) or {+-}size{KMGTP}: 25GiB
Current type is 'Linux filesystem'
Hex code or GUID (L to show codes, Enter = 8300): 
Changed type of partition to 'Linux filesystem'
# 保存变更
Command (? for help): w
The operation has completed successfully.

# 再次运行"resize2fs"使文件系统适应分区
[root@Fedora ~]# resize2fs /dev/sdb1
resize2fs 1.45.6 (20-Mar-2020)
Resizing the filesystem on /dev/sdb1 to 6553344 (4k) blocks.
The filesystem on /dev/sdb1 is now 6553344 (4k) blocks long.

# 重新挂载分区
[root@Fedora ~]# mount /dev/sdb1 /mnt   
```

# XFS(TODO!!!!!!!!!!!!!!!!!!!!!!!!!!!!!!!!!!!!!!!!!!!!!!!!!!!!!!!!)
## 扩容
对于EXT系列文件系统，变更容量后需要先调用"fsck.ext4"命令检查数据完整性，然后调用"resize2fs"命令调整文件系统大小。

示例二：环境与示例一相同，此处对XFS分区进行扩容操作。

```
# 查看文件系统容量
[root@Fedora ~]# df -h /dev/sdb1
Filesystem      Size  Used Avail Use% Mounted on
/dev/sdb1       50G   374M   50G   1% /mnt
# 查看分区中的文件
[root@Fedora ~]# cat /mnt/test 
ABCDEFG
# 卸载分区
[root@Fedora ~]# umount /dev/sdb1

# 使用"gdisk"修改分区信息
[root@Fedora ~]# gdisk /dev/sdb
GPT fdisk (gdisk) version 1.0.3
Found valid GPT with protective MBR; using GPT.
# 删除旧分区
Command (? for help): d
Using 1
# 建立新分区，起始位置不变，结束位置为磁盘可用空间尾部。
Command (? for help): n
Partition number (1-128, default 1): 
First sector (34-209715166, default = 2048) or {+-}size{KMGTP}: 
Last sector (2048-209715166, default = 209715166) or {+-}size{KMGTP}: 
Current type is 'Linux filesystem'
# 保存变更
Command (? for help): w
The operation has completed successfully.

# 重新挂载分区
[root@Fedora ~]# mount /dev/sdb1 /mnt
# 更新文件系统信息
[root@Fedora ~]# xfs_growfs /mnt
meta-data=/dev/sdb1              isize=512    agcount=4, agsize=3276800 blks
         =                       sectsz=512   attr=2, projid32bit=1
         =                       crc=1        finobt=1, sparse=1, rmapbt=0
         =                       reflink=1
data     =                       bsize=4096   blocks=13107200, imaxpct=25
         =                       sunit=0      swidth=0 blks
naming   =version 2              bsize=4096   ascii-ci=0, ftype=1
log      =internal log           bsize=4096   blocks=6400, version=2
         =                       sectsz=512   sunit=0 blks, lazy-count=1
realtime =none                   extsz=4096   blocks=0, rtextents=0
data blocks changed from 13107200 to 26214139

# 检查文件系统容量
[root@Fedora ~]# df -h /dev/sdb1
Filesystem      Size  Used Avail Use% Mounted on
/dev/sdb1       100G  747M  100G   1% /mnt
# 检查数据是否受损
[root@Fedora ~]# cat /mnt/test
ABCDEFG
```
对于XFS文件系统，扩容后需要先挂载分区，再调用"xfs_growfs [挂载点]"命令调整文件系统大小，这与其它文件系统有很大的差异。

-->
